minifier_test262 Summary:
AST Parsed     : 44745/44745 (100.00%)
Positive Passed: 44669/44745 (99.83%)
Expect to Parse: "built-ins/Promise/prototype/then/ctor-custom.js"
Expect to Parse: "built-ins/RegExp/prototype/Symbol.split/str-result-get-capture-err.js"
Expect to Parse: "language/block-scope/syntax/redeclaration-global/allowed-to-redeclare-function-declaration-with-var.js"
Expect to Parse: "language/block-scope/syntax/redeclaration-global/allowed-to-redeclare-var-with-function-declaration.js"
Expect to Parse: "language/block-scope/syntax/redeclaration/inner-block-var-name-redeclaration-attempt-with-var.js"
Expect to Parse: "language/eval-code/direct/var-env-lower-lex-non-strict.js"
Expect to Parse: "language/eval-code/direct/var-env-lower-lex-strict-caller.js"
Expect to Parse: "language/eval-code/direct/var-env-lower-lex-strict-source.js"
Expect to Parse: "language/eval-code/indirect/var-env-lower-lex-non-strict.js"
Expect to Parse: "language/eval-code/indirect/var-env-lower-lex-strict.js"
Expect to Parse: "language/expressions/assignment/dstr/array-elem-init-simple-no-strict.js"
Expect to Parse: "language/expressions/assignment/dstr/array-elem-put-obj-literal-prop-ref-init-active.js"
Expect to Parse: "language/expressions/assignment/dstr/array-elem-put-obj-literal-prop-ref-init.js"
Expect to Parse: "language/expressions/assignment/dstr/array-elem-put-obj-literal-prop-ref.js"
Expect to Parse: "language/expressions/assignment/dstr/array-elem-target-simple-no-strict.js"
Expect to Parse: "language/expressions/assignment/dstr/array-rest-iter-thrw-close-err.js"
Expect to Parse: "language/expressions/dynamic-import/syntax/valid/nested-arrow-assignment-expression-script-code-valid.js"
Expect to Parse: "language/expressions/dynamic-import/syntax/valid/nested-arrow-script-code-valid.js"
Expect to Parse: "language/expressions/dynamic-import/syntax/valid/nested-async-arrow-function-await-script-code-valid.js"
Expect to Parse: "language/expressions/dynamic-import/syntax/valid/nested-async-arrow-function-return-await-script-code-valid.js"
Expect to Parse: "language/expressions/dynamic-import/syntax/valid/nested-async-function-await-script-code-valid.js"
Expect to Parse: "language/expressions/dynamic-import/syntax/valid/nested-async-function-return-await-script-code-valid.js"
Expect to Parse: "language/expressions/dynamic-import/syntax/valid/nested-async-function-script-code-valid.js"
Expect to Parse: "language/expressions/dynamic-import/syntax/valid/nested-async-gen-await-script-code-valid.js"
Expect to Parse: "language/expressions/dynamic-import/syntax/valid/nested-block-labeled-script-code-valid.js"
Expect to Parse: "language/expressions/dynamic-import/syntax/valid/nested-block-script-code-valid.js"
Expect to Parse: "language/expressions/dynamic-import/syntax/valid/nested-do-while-script-code-valid.js"
Expect to Parse: "language/expressions/dynamic-import/syntax/valid/nested-else-braceless-script-code-valid.js"
Expect to Parse: "language/expressions/dynamic-import/syntax/valid/nested-else-script-code-valid.js"
Expect to Parse: "language/expressions/dynamic-import/syntax/valid/nested-function-return-script-code-valid.js"
Expect to Parse: "language/expressions/dynamic-import/syntax/valid/nested-function-script-code-valid.js"
Expect to Parse: "language/expressions/dynamic-import/syntax/valid/nested-if-braceless-script-code-valid.js"
Expect to Parse: "language/expressions/dynamic-import/syntax/valid/nested-if-script-code-valid.js"
Expect to Parse: "language/expressions/dynamic-import/syntax/valid/nested-while-script-code-valid.js"
Expect to Parse: "language/expressions/dynamic-import/syntax/valid/nested-with-expression-script-code-valid.js"
Expect to Parse: "language/expressions/dynamic-import/syntax/valid/nested-with-script-code-valid.js"
Expect to Parse: "language/expressions/dynamic-import/syntax/valid/top-level-script-code-valid.js"
Expect to Parse: "language/expressions/dynamic-import/usage/nested-arrow-assignment-expression-eval-script-code-host-resolves-module-code.js"
Expect to Parse: "language/expressions/dynamic-import/usage/nested-arrow-import-then-eval-script-code-host-resolves-module-code.js"
Expect to Parse: "language/expressions/dynamic-import/usage/nested-async-arrow-function-await-eval-script-code-host-resolves-module-code.js"
Expect to Parse: "language/expressions/dynamic-import/usage/nested-async-arrow-function-return-await-eval-script-code-host-resolves-module-code.js"
Expect to Parse: "language/expressions/dynamic-import/usage/nested-async-function-await-eval-script-code-host-resolves-module-code.js"
Expect to Parse: "language/expressions/dynamic-import/usage/nested-async-function-eval-script-code-host-resolves-module-code.js"
Expect to Parse: "language/expressions/dynamic-import/usage/nested-async-function-return-await-eval-script-code-host-resolves-module-code.js"
Expect to Parse: "language/expressions/dynamic-import/usage/nested-async-gen-await-eval-script-code-host-resolves-module-code.js"
Expect to Parse: "language/expressions/dynamic-import/usage/nested-async-gen-return-await-eval-script-code-host-resolves-module-code.js"
Expect to Parse: "language/expressions/dynamic-import/usage/nested-block-import-then-eval-script-code-host-resolves-module-code.js"
Expect to Parse: "language/expressions/dynamic-import/usage/nested-do-while-eval-script-code-host-resolves-module-code.js"
Expect to Parse: "language/expressions/dynamic-import/usage/nested-else-import-then-eval-script-code-host-resolves-module-code.js"
Expect to Parse: "language/expressions/dynamic-import/usage/nested-function-import-then-eval-script-code-host-resolves-module-code.js"
Expect to Parse: "language/expressions/dynamic-import/usage/nested-if-braceless-eval-script-code-host-resolves-module-code.js"
Expect to Parse: "language/expressions/dynamic-import/usage/nested-if-import-then-eval-script-code-host-resolves-module-code.js"
Expect to Parse: "language/expressions/dynamic-import/usage/nested-while-import-then-eval-script-code-host-resolves-module-code.js"
Expect to Parse: "language/expressions/dynamic-import/usage/syntax-nested-block-labeled-eval-script-code-host-resolves-module-code.js"
Expect to Parse: "language/expressions/dynamic-import/usage/top-level-import-then-eval-script-code-host-resolves-module-code.js"
Expect to Parse: "language/global-code/script-decl-lex-lex.js"
Expect to Parse: "language/global-code/script-decl-var-collision.js"
Expect to Parse: "language/statements/for-await-of/async-func-decl-dstr-array-elem-init-simple-no-strict.js"
Expect to Parse: "language/statements/for-await-of/async-func-decl-dstr-array-elem-nested-array-undefined-own.js"
Expect to Parse: "language/statements/for-await-of/async-func-decl-dstr-array-elem-nested-array-undefined.js"
Expect to Parse: "language/statements/for-await-of/async-func-decl-dstr-obj-prop-nested-obj-yield-ident-valid.js"
Expect to Parse: "language/statements/for-await-of/async-func-decl-dstr-obj-prop-nested-obj.js"
Expect to Parse: "language/statements/for-await-of/async-gen-decl-dstr-array-elem-init-simple-no-strict.js"
Expect to Parse: "language/statements/for-await-of/async-gen-decl-dstr-array-elem-iter-thrw-close-skip.js"
Expect to Parse: "language/statements/for-await-of/async-gen-decl-dstr-array-elem-nested-array-undefined-own.js"
Expect to Parse: "language/statements/for-await-of/async-gen-decl-dstr-array-elem-nested-array-undefined.js"
Expect to Parse: "language/statements/for-await-of/async-gen-decl-dstr-array-elem-target-simple-no-strict.js"
Expect to Parse: "language/statements/for-await-of/async-gen-decl-dstr-obj-prop-nested-obj.js"
Expect to Parse: "language/statements/for-of/dstr/array-elem-init-simple-no-strict.js"
Expect to Parse: "language/statements/for-of/dstr/array-elem-put-obj-literal-prop-ref-init-active.js"
Expect to Parse: "language/statements/for-of/dstr/array-elem-put-obj-literal-prop-ref-init.js"
Expect to Parse: "language/statements/for-of/dstr/array-elem-put-obj-literal-prop-ref.js"
Expect to Parse: "language/statements/for-of/dstr/array-elem-target-simple-no-strict.js"
Expect to Parse: "language/statements/for-of/dstr/obj-prop-nested-obj-yield-ident-valid.js"
Expect to Parse: "language/statements/for-of/dstr/obj-prop-nested-obj.js"
Expect to Parse: "language/statements/for/head-var-bound-names-in-stmt.js"
